// Jest Snapshot v1, https://goo.gl/fbAQLP

exports[`SelectField render a <div /> 1`] = `
<div
  className="form-group form-group-select"
>
  <div
    className="form-group-inner"
    style={
      Object {
        "display": "block",
      }
    }
  >
    <div
      style={null}
    >
      <div
        className="Select Select--single is-clearable is-searchable"
        style={undefined}
      >
        <div
          className="Select-control"
          onKeyDown={[Function]}
          onMouseDown={[Function]}
          onTouchEnd={[Function]}
          onTouchMove={[Function]}
          onTouchStart={[Function]}
          style={undefined}
        >
          <span
            className="Select-multi-value-wrapper"
            id="react-select-2--value"
          >
            <div
              className="Select-placeholder"
            >
              Aucun
            </div>
            <div
              className="Select-input"
              style={
                Object {
                  "display": "inline-block",
                }
              }
            >
              <input
                aria-activedescendant="react-select-2--value"
                aria-describedby={undefined}
                aria-expanded="false"
                aria-haspopup="false"
                aria-label={undefined}
                aria-labelledby={undefined}
                aria-owns=""
                className={undefined}
                onBlur={[Function]}
                onChange={[Function]}
                onFocus={[Function]}
                required={false}
                role="combobox"
                style={
                  Object {
                    "boxSizing": "content-box",
                    "width": "5px",
                  }
                }
                tabIndex={undefined}
                value=""
              />
              <div
                style={
                  Object {
                    "height": 0,
                    "left": 0,
                    "overflow": "scroll",
                    "position": "absolute",
                    "top": 0,
                    "visibility": "hidden",
                    "whiteSpace": "pre",
                  }
                }
              >
                
              </div>
            </div>
          </span>
          <span
            className="Select-arrow-zone"
            onMouseDown={[Function]}
          >
            <span
              className="Select-arrow"
              onMouseDown={[Function]}
            />
          </span>
        </div>
      </div>
    </div>
  </div>
</div>
`;
