// Jest Snapshot v1, https://goo.gl/fbAQLP

exports[`match snapshot 1`] = `
<div
  className="form-group undefined"
>
  <div
    className="form-group-label"
  >
    <label
      className="control-label"
      htmlFor={null}
    >
      Label
    </label>
  </div>
  <div
    className="form-group-inner"
    style={
      Object {
        "display": "block",
      }
    }
  >
    <div
      aria-expanded={false}
      aria-haspopup="listbox"
      aria-owns="react-autowhatever-1"
      className="undefined"
      role="combobox"
    >
      <input
        aria-activedescendant={null}
        aria-autocomplete="list"
        aria-controls="react-autowhatever-1"
        autoComplete="off"
        className="form-control undefined"
        onBlur={[Function]}
        onChange={[Function]}
        onFocus={[Function]}
        onKeyDown={[Function]}
        placeholder=""
        type="text"
        value="value"
      />
      <div
        className="undefined"
        id="react-autowhatever-1"
        role="listbox"
      />
    </div>
  </div>
</div>
`;
