// Jest Snapshot v1, https://goo.gl/fbAQLP

exports[`match snapshot 1`] = `
<div
  className="form-group undefined"
>
  <div
    className="form-group-label"
  >
    <label
      className="control-label"
      htmlFor={null}
    >
      Label
    </label>
  </div>
  <div
    className="form-group-inner"
    style={
      Object {
        "display": "block",
      }
    }
  >
    <div
      className="mb-2 undefined"
    >
      <div
        className="card"
      >
        <div
          className="card-body"
        >
          <div
            className="undefined"
          >
            <div
              className="undefined"
            >
              <div
                className="undefined"
              >
                <div
                  className="undefined"
                >
                  <div
                    className={undefined}
                  />
                </div>
                <div
                  className="undefined"
                >
                  <div
                    className="undefined"
                  >
                    <div
                      className="btn-group"
                    >
                      <button
                        className="btn btn-light fas fa-times"
                        onClick={[Function]}
                        type="button"
                      />
                    </div>
                  </div>
                </div>
              </div>
            </div>
          </div>
        </div>
      </div>
    </div>
  </div>
</div>
`;
