// Jest Snapshot v1, https://goo.gl/fbAQLP

exports[`match snapshot 1`] = `
<div
  className="form-group undefined"
>
  <div
    className="form-group-label"
  >
    <label
      className="control-label"
      htmlFor="fields"
    >
      Label
    </label>
  </div>
  <div
    className="form-group-inner"
    style={
      Object {
        "display": "block",
      }
    }
  >
    <div
      className=""
    >
      <div
        className="btn-group"
      >
        <button
          aria-expanded="false"
          aria-haspopup="true"
          className="btn btn-default"
          data-toggle="dropdown"
          onClick={[Function]}
          type="button"
        >
          <span>
            Add a block
          </span>
        </button>
      </div>
    </div>
    <div
      className={undefined}
    >
      <div
        className="list"
        lockAxis="y"
        onSortEnd={[Function]}
        useDragHandle={true}
      >
        <div
          className={undefined}
        />
      </div>
    </div>
  </div>
</div>
`;
