// Jest Snapshot v1, https://goo.gl/fbAQLP

exports[`SelectField render a <div /> 1`] = `null`;
