// Jest Snapshot v1, https://goo.gl/fbAQLP

exports[`match snapshot 1`] = `
<div
  className="form-group text"
>
  <div
    className="form-group-label"
  >
    <label
      className="control-label"
      htmlFor={null}
    >
      Label
    </label>
  </div>
  <div
    className="form-group-inner"
    style={
      Object {
        "display": "block",
      }
    }
  >
    <div
      className="field-group"
    />
  </div>
</div>
`;
